// Jest Snapshot v1, https://goo.gl/fbAQLP

exports[`HomePage matches snapshot 1`] = `
<div>
  <div
    class="Toastify"
  />
  <h3
    class="MuiTypography-root App-title-style MuiTypography-h3"
  >
    Motesque Test Executor
  </h3>
  <button
    class="MuiButtonBase-root MuiButton-root MuiButton-contained MuiButton-containedPrimary"
    style="margin: 5%;"
    tabindex="0"
    type="button"
  >
    <span
      class="MuiButton-label"
    >
      Get All Tests
    </span>
    <span
      class="MuiTouchRipple-root"
    />
  </button>
</div>
`;

exports[`TestsHistory matches snapshot 1`] = `
<div>
  <h4
    class="MuiTypography-root App-title-style MuiTypography-h4"
    style="margin-bottom: 0.8%;"
  >
    Test History
  </h4>
  <div
    class="MuiPaper-root MuiAccordion-root MuiAccordion-rounded MuiPaper-elevation1 MuiPaper-rounded"
    style="border-radius: 25px;"
  >
    <div
      aria-controls="panel1a-content"
      aria-disabled="false"
      aria-expanded="false"
      class="MuiButtonBase-root MuiAccordionSummary-root"
      id="panel1a-header"
      role="button"
      style="font-weight: bold; text-transform: capitalize;"
      tabindex="0"
    >
      <div
        class="MuiAccordionSummary-content"
      >
        View all tests passed
      </div>
      <div
        aria-disabled="false"
        aria-hidden="true"
        class="MuiButtonBase-root MuiIconButton-root MuiAccordionSummary-expandIcon MuiIconButton-edgeEnd"
      >
        <span
          class="MuiIconButton-label"
        >
          <svg
            aria-hidden="true"
            class="MuiSvgIcon-root"
            focusable="false"
            viewBox="0 0 24 24"
          >
            <path
              d="M16.59 8.59L12 13.17 7.41 8.59 6 10l6 6 6-6z"
            />
          </svg>
        </span>
        <span
          class="MuiTouchRipple-root"
        />
      </div>
    </div>
    <div
      class="MuiCollapse-container MuiCollapse-hidden"
      style="min-height: 0px;"
    >
      <div
        class="MuiCollapse-wrapper"
      >
        <div
          class="MuiCollapse-wrapperInner"
        >
          <div
            aria-labelledby="panel1a-header"
            id="panel1a-content"
            role="region"
          >
            <h6
              class="MuiTypography-root MuiTypography-h6"
              style="display: flex; margin-left: 2%; font-style: italic;"
            >
              Number of 
              System
               Test Runs
            </h6>
            <div
              class="MuiPaper-root PaperTestResultStyle MuiPaper-elevation1 MuiPaper-rounded"
            >
              <p
                class="MuiTypography-root MuiTypography-body1"
                style="display: flex; margin-right: 1%;"
              >
                Check system information
                :
              </p>
              <p
                class="MuiTypography-root MuiTypography-body1"
                style="display: flex; text-transform: capitalize; color: rgb(255, 106, 0); font-weight: bold;"
              >
                5
              </p>
            </div>
            <div
              class="MuiPaper-root PaperTestResultStyle MuiPaper-elevation1 MuiPaper-rounded"
            >
              <p
                class="MuiTypography-root MuiTypography-body1"
                style="display: flex; margin-right: 1%;"
              >
                Check system free storage
                :
              </p>
              <p
                class="MuiTypography-root MuiTypography-body1"
                style="display: flex; text-transform: capitalize; color: rgb(255, 106, 0); font-weight: bold;"
              >
                4
              </p>
            </div>
            <div
              class="MuiPaper-root PaperTestResultStyle MuiPaper-elevation1 MuiPaper-rounded"
            >
              <p
                class="MuiTypography-root MuiTypography-body1"
                style="display: flex; margin-right: 1%;"
              >
                Check database status
                :
              </p>
              <p
                class="MuiTypography-root MuiTypography-body1"
                style="display: flex; text-transform: capitalize; color: rgb(255, 106, 0); font-weight: bold;"
              >
                3
              </p>
            </div>
            <div
              class="MuiPaper-root PaperTestResultStyle MuiPaper-elevation1 MuiPaper-rounded"
            >
              <p
                class="MuiTypography-root MuiTypography-body1"
                style="display: flex; margin-right: 1%;"
              >
                Check USB ports
                :
              </p>
              <p
                class="MuiTypography-root MuiTypography-body1"
                style="display: flex; text-transform: capitalize; color: rgb(255, 106, 0); font-weight: bold;"
              >
                2
              </p>
            </div>
            <h6
              class="MuiTypography-root MuiTypography-h6"
              style="display: flex; margin-left: 2%; font-style: italic;"
            >
              Number of 
              Sensor
               Test Runs
            </h6>
            <div
              class="MuiPaper-root PaperTestResultStyle MuiPaper-elevation1 MuiPaper-rounded"
            >
              <p
                class="MuiTypography-root MuiTypography-body1"
                style="display: flex; margin-right: 1%;"
              >
                Check sensor firmware
                :
              </p>
              <p
                class="MuiTypography-root MuiTypography-body1"
                style="display: flex; text-transform: capitalize; color: rgb(255, 106, 0); font-weight: bold;"
              >
                8
              </p>
            </div>
            <div
              class="MuiPaper-root PaperTestResultStyle MuiPaper-elevation1 MuiPaper-rounded"
            >
              <p
                class="MuiTypography-root MuiTypography-body1"
                style="display: flex; margin-right: 1%;"
              >
                Check sensor hardware
                :
              </p>
              <p
                class="MuiTypography-root MuiTypography-body1"
                style="display: flex; text-transform: capitalize; color: rgb(255, 106, 0); font-weight: bold;"
              >
                9
              </p>
            </div>
            <div
              class="MuiPaper-root PaperTestResultStyle MuiPaper-elevation1 MuiPaper-rounded"
            >
              <p
                class="MuiTypography-root MuiTypography-body1"
                style="display: flex; margin-right: 1%;"
              >
                Check sensor calibration
                :
              </p>
              <p
                class="MuiTypography-root MuiTypography-body1"
                style="display: flex; text-transform: capitalize; color: rgb(255, 106, 0); font-weight: bold;"
              >
                1
              </p>
            </div>
            <div
              class="MuiPaper-root PaperTestResultStyle MuiPaper-elevation1 MuiPaper-rounded"
            >
              <p
                class="MuiTypography-root MuiTypography-body1"
                style="display: flex; margin-right: 1%;"
              >
                Run test measurement
                :
              </p>
              <p
                class="MuiTypography-root MuiTypography-body1"
                style="display: flex; text-transform: capitalize; color: rgb(255, 106, 0); font-weight: bold;"
              >
                2
              </p>
            </div>
            <div
              class="MuiPaper-root PaperTestResultStyle MuiPaper-elevation1 MuiPaper-rounded"
            >
              <p
                class="MuiTypography-root MuiTypography-body1"
                style="display: flex; margin-right: 1%;"
              >
                Test sensor battery
                :
              </p>
              <p
                class="MuiTypography-root MuiTypography-body1"
                style="display: flex; text-transform: capitalize; color: rgb(255, 106, 0); font-weight: bold;"
              >
                0
              </p>
            </div>
            <h6
              class="MuiTypography-root MuiTypography-h6"
              style="display: flex; margin-left: 2%; font-style: italic;"
            >
              Number of 
              Specific
               Test Runs
            </h6>
            <div
              class="MuiPaper-root PaperTestResultStyle MuiPaper-elevation1 MuiPaper-rounded"
            >
              <p
                class="MuiTypography-root MuiTypography-body1"
                style="display: flex; margin-right: 1%;"
              >
                Get customer
                :
              </p>
              <p
                class="MuiTypography-root MuiTypography-body1"
                style="display: flex; text-transform: capitalize; color: rgb(255, 106, 0); font-weight: bold;"
              >
                4
              </p>
            </div>
            <div
              class="MuiPaper-root PaperTestResultStyle MuiPaper-elevation1 MuiPaper-rounded"
            >
              <p
                class="MuiTypography-root MuiTypography-body1"
                style="display: flex; margin-right: 1%;"
              >
                Check running services
                :
              </p>
              <p
                class="MuiTypography-root MuiTypography-body1"
                style="display: flex; text-transform: capitalize; color: rgb(255, 106, 0); font-weight: bold;"
              >
                2
              </p>
            </div>
            <div
              class="MuiPaper-root PaperTestResultStyle MuiPaper-elevation1 MuiPaper-rounded"
            >
              <p
                class="MuiTypography-root MuiTypography-body1"
                style="display: flex; margin-right: 1%;"
              >
                Test API
                :
              </p>
              <p
                class="MuiTypography-root MuiTypography-body1"
                style="display: flex; text-transform: capitalize; color: rgb(255, 106, 0); font-weight: bold;"
              >
                0
              </p>
            </div>
          </div>
        </div>
      </div>
    </div>
  </div>
</div>
`;
